// Jest Snapshot v1, https://goo.gl/fbAQLP

exports[`passes snapshot test 1`] = `
<div
  className="app"
>
  <div
    onClick={[Function]}
    onMouseUp={[Function]}
  >
    <header
      id="top-landing-panels"
    >
      <div
        className="top-landing-panels"
        id="landing-name-div"
        style={Object {}}
      >
        <h1
          id="landing-name"
          style={Object {}}
        >
          Jack
          <br />
          Ersbo
        </h1>
      </div>
      <div
        className="top-landing-panels"
        id="landing-role-div"
        style={Object {}}
      >
        <h1
          id="landing-role"
          style={Object {}}
        >
          Full-Stack Software Developer
        </h1>
      </div>
    </header>
    <footer
      className="bottom-landing-panel"
      id="landing-footer"
      style={Object {}}
    >
      <h2>
        Thank you for checking out my site!
      </h2>
      <h4
        id="landing-click-prompt"
      >
        *Click anywhere to continue*
      </h4>
    </footer>
  </div>
</div>
`;
